\BOOKMARK [0][-]{chapter*.1}{\376\377\000C\000a\000n\000d\000i\000d\000a\000t\000e\000'\000s\000\040\000D\000e\000c\000l\000a\000r\000a\000t\000i\000o\000n}{}% 1
\BOOKMARK [0][-]{chapter*.2}{\376\377\000A\000c\000k\000n\000o\000w\000l\000e\000d\000g\000e\000m\000e\000n\000t}{}% 2
\BOOKMARK [0][-]{chapter*.3}{\376\377\000A\000b\000s\000t\000r\000a\000c\000t}{}% 3
\BOOKMARK [0][-]{chapter*.4}{\376\377\000A\000b\000b\000r\000e\000v\000i\000a\000t\000i\000o\000n\000s\000\040\000\046\000\040\000A\000c\000r\000o\000n\000y\000m\000s}{}% 4
\BOOKMARK [0][-]{chapter.1}{\376\377\000I\000n\000t\000r\000o\000d\000u\000c\000t\000i\000o\000n}{}% 5
\BOOKMARK [1][-]{section.1.1}{\376\377\000O\000v\000e\000r\000v\000i\000e\000w}{chapter.1}% 6
\BOOKMARK [1][-]{section.1.2}{\376\377\000B\000a\000c\000k\000g\000r\000o\000u\000n\000d}{chapter.1}% 7
\BOOKMARK [1][-]{section.1.3}{\376\377\000M\000o\000t\000i\000v\000a\000t\000i\000o\000n}{chapter.1}% 8
\BOOKMARK [1][-]{section.1.4}{\376\377\000P\000r\000o\000b\000l\000e\000m\000\040\000S\000t\000a\000t\000e\000m\000e\000n\000t}{chapter.1}% 9
\BOOKMARK [0][-]{chapter.2}{\376\377\000L\000i\000t\000e\000r\000a\000t\000u\000r\000e\000\040\000S\000u\000r\000v\000e\000y}{}% 10
\BOOKMARK [0][-]{chapter.3}{\376\377\000O\000b\000j\000e\000c\000t\000i\000v\000e\000s}{}% 11
\BOOKMARK [1][-]{section.3.1}{\376\377\000P\000r\000o\000j\000e\000c\000t\000\040\000O\000b\000j\000e\000c\000t\000i\000v\000e}{chapter.3}% 12
\BOOKMARK [1][-]{section.3.2}{\376\377\000S\000p\000e\000c\000i\000f\000i\000c\000\040\000O\000b\000j\000e\000c\000t\000i\000v\000e\000s}{chapter.3}% 13
\BOOKMARK [0][-]{chapter.4}{\376\377\000S\000c\000o\000p\000e}{}% 14
\BOOKMARK [1][-]{section.4.1}{\376\377\000C\000u\000r\000r\000e\000n\000t\000\040\000S\000c\000o\000p\000e}{chapter.4}% 15
\BOOKMARK [1][-]{section.4.2}{\376\377\000A\000p\000p\000l\000i\000c\000a\000t\000i\000o\000n\000s\000\040\000\046\000\040\000T\000a\000r\000g\000e\000t\000\040\000U\000s\000e\000r\000s}{chapter.4}% 16
\BOOKMARK [1][-]{section.4.3}{\376\377\000A\000d\000v\000a\000n\000t\000a\000g\000e\000s\000\040\000v\000s\000\040\000L\000i\000m\000i\000t\000a\000t\000i\000o\000n\000s}{chapter.4}% 17
\BOOKMARK [1][-]{section.4.4}{\376\377\000F\000u\000t\000u\000r\000e\000\040\000S\000c\000a\000l\000a\000b\000i\000l\000i\000t\000y\000\040\000\046\000\040\000D\000e\000p\000l\000o\000y\000m\000e\000n\000t\000\040\000S\000c\000o\000p\000e}{chapter.4}% 18
\BOOKMARK [0][-]{chapter.5}{\376\377\000S\000y\000s\000t\000e\000m\000\040\000A\000r\000c\000h\000i\000t\000e\000c\000t\000u\000r\000e}{}% 19
\BOOKMARK [1][-]{section.5.1}{\376\377\000O\000v\000e\000r\000a\000l\000l\000\040\000S\000y\000s\000t\000e\000m\000\040\000A\000r\000c\000h\000i\000t\000e\000c\000t\000u\000r\000e}{chapter.5}% 20
\BOOKMARK [1][-]{section.5.2}{\376\377\000I\000n\000f\000e\000r\000e\000n\000c\000e\000\040\000P\000i\000p\000e\000l\000i\000n\000e\000\040\000D\000a\000t\000a\000\040\000F\000l\000o\000w}{chapter.5}% 21
\BOOKMARK [1][-]{section.5.3}{\376\377\000R\000e\000q\000u\000e\000s\000t\000\040\000L\000i\000f\000e\000c\000y\000c\000l\000e\000\040\000\046\000\040\000C\000o\000n\000c\000u\000r\000r\000e\000n\000c\000y}{chapter.5}% 22
\BOOKMARK [0][-]{chapter.6}{\376\377\000T\000e\000c\000h\000n\000o\000l\000o\000g\000i\000e\000s\000\040\000U\000s\000e\000d}{}% 23
\BOOKMARK [1][-]{section.6.1}{\376\377\000F\000r\000o\000n\000t\000e\000n\000d\000\040\000T\000e\000c\000h\000n\000o\000l\000o\000g\000i\000e\000s}{chapter.6}% 24
\BOOKMARK [1][-]{section.6.2}{\376\377\000B\000a\000c\000k\000e\000n\000d\000\040\000\046\000\040\000S\000e\000r\000v\000e\000r\000\040\000T\000e\000c\000h\000n\000o\000l\000o\000g\000i\000e\000s}{chapter.6}% 25
\BOOKMARK [1][-]{section.6.3}{\376\377\000C\000o\000m\000p\000u\000t\000e\000r\000\040\000V\000i\000s\000i\000o\000n\000\040\000\046\000\040\000M\000a\000c\000h\000i\000n\000e\000\040\000L\000e\000a\000r\000n\000i\000n\000g}{chapter.6}% 26
\BOOKMARK [1][-]{section.6.4}{\376\377\000D\000a\000t\000a\000b\000a\000s\000e\000\040\000\046\000\040\000D\000e\000p\000l\000o\000y\000m\000e\000n\000t}{chapter.6}% 27
\BOOKMARK [0][-]{chapter.7}{\376\377\000F\000u\000n\000c\000t\000i\000o\000n\000a\000l\000\040\000M\000o\000d\000u\000l\000e\000s}{}% 28
\BOOKMARK [1][-]{section.7.1}{\376\377\000F\000r\000o\000n\000t\000e\000n\000d\000\040\000M\000o\000d\000u\000l\000e\000s\000\040\000\050\000F\000l\000u\000t\000t\000e\000r\000\051}{chapter.7}% 29
\BOOKMARK [1][-]{section.7.2}{\376\377\000B\000a\000c\000k\000e\000n\000d\000\040\000O\000r\000c\000h\000e\000s\000t\000r\000a\000t\000i\000o\000n\000\040\000M\000o\000d\000u\000l\000e\000s}{chapter.7}% 30
\BOOKMARK [1][-]{section.7.3}{\376\377\000A\000I\000\040\000\046\000\040\000I\000n\000f\000e\000r\000e\000n\000c\000e\000\040\000M\000o\000d\000u\000l\000e\000s}{chapter.7}% 31
\BOOKMARK [0][-]{chapter.8}{\376\377\000S\000y\000s\000t\000e\000m\000\040\000R\000e\000q\000u\000i\000r\000e\000m\000e\000n\000t\000s}{}% 32
\BOOKMARK [1][-]{section.8.1}{\376\377\000H\000a\000r\000d\000w\000a\000r\000e\000\040\000R\000e\000q\000u\000i\000r\000e\000m\000e\000n\000t\000s}{chapter.8}% 33
\BOOKMARK [1][-]{section.8.2}{\376\377\000S\000o\000f\000t\000w\000a\000r\000e\000\040\000R\000e\000q\000u\000i\000r\000e\000m\000e\000n\000t\000s}{chapter.8}% 34
\BOOKMARK [0][-]{chapter.9}{\376\377\000A\000I\000\040\000P\000i\000p\000e\000l\000i\000n\000e\000\040\000\046\000\040\000A\000l\000g\000o\000r\000i\000t\000h\000m\000s}{}% 35
\BOOKMARK [1][-]{section.9.1}{\376\377\000O\000v\000e\000r\000a\000l\000l\000\040\000A\000I\000\040\000P\000i\000p\000e\000l\000i\000n\000e}{chapter.9}% 36
\BOOKMARK [1][-]{section.9.2}{\376\377\000F\000a\000c\000e\000\040\000D\000e\000t\000e\000c\000t\000i\000o\000n}{chapter.9}% 37
\BOOKMARK [1][-]{section.9.3}{\376\377\000F\000a\000c\000e\000\040\000M\000e\000s\000h\000\040\000\046\000\040\000A\000l\000i\000g\000n\000m\000e\000n\000t}{chapter.9}% 38
\BOOKMARK [1][-]{section.9.4}{\376\377\000B\000l\000i\000n\000k\000\040\000D\000e\000t\000e\000c\000t\000i\000o\000n}{chapter.9}% 39
\BOOKMARK [1][-]{section.9.5}{\376\377\000H\000e\000a\000d\000\040\000P\000o\000s\000e\000\040\000E\000s\000t\000i\000m\000a\000t\000i\000o\000n}{chapter.9}% 40
\BOOKMARK [1][-]{section.9.6}{\376\377\000M\000i\000n\000i\000F\000A\000S\000N\000e\000t\000\040\000A\000n\000t\000i\000-\000S\000p\000o\000o\000f\000i\000n\000g}{chapter.9}% 41
\BOOKMARK [1][-]{section.9.7}{\376\377\000R\000e\000m\000o\000t\000e\000\040\000P\000h\000o\000t\000o\000p\000l\000e\000t\000h\000y\000s\000m\000o\000g\000r\000a\000p\000h\000y\000\040\000\050\000r\000P\000P\000G\000\051\000\040\000P\000i\000p\000e\000l\000i\000n\000e}{chapter.9}% 42
\BOOKMARK [1][-]{section.9.8}{\376\377\000F\000e\000a\000t\000u\000r\000e\000\040\000F\000u\000s\000i\000o\000n\000\040\000E\000n\000g\000i\000n\000e}{chapter.9}% 43
\BOOKMARK [1][-]{section.9.9}{\376\377\000D\000e\000c\000i\000s\000i\000o\000n\000\040\000E\000n\000g\000i\000n\000e}{chapter.9}% 44
\BOOKMARK [0][-]{chapter.10}{\376\377\000S\000e\000c\000u\000r\000i\000t\000y\000\040\000\046\000\040\000L\000i\000v\000e\000n\000e\000s\000s\000\040\000D\000e\000t\000e\000c\000t\000i\000o\000n}{}% 45
\BOOKMARK [1][-]{section.10.1}{\376\377\000T\000h\000r\000e\000a\000t\000\040\000M\000o\000d\000e\000l}{chapter.10}% 46
\BOOKMARK [1][-]{section.10.2}{\376\377\000D\000e\000f\000e\000n\000s\000e\000\040\000M\000e\000c\000h\000a\000n\000i\000s\000m\000s}{chapter.10}% 47
\BOOKMARK [2][-]{subsection.10.2.1}{\376\377\000P\000a\000s\000s\000i\000v\000e\000\040\000T\000e\000x\000t\000u\000r\000e\000\040\000A\000n\000a\000l\000y\000s\000i\000s\000\040\000\050\000M\000i\000n\000i\000F\000A\000S\000N\000e\000t\000\051}{section.10.2}% 48
\BOOKMARK [2][-]{subsection.10.2.2}{\376\377\000P\000h\000y\000s\000i\000o\000l\000o\000g\000i\000c\000a\000l\000\040\000L\000i\000v\000e\000n\000e\000s\000s\000\040\000\050\000r\000P\000P\000G\000\051}{section.10.2}% 49
\BOOKMARK [2][-]{subsection.10.2.3}{\376\377\000D\000y\000n\000a\000m\000i\000c\000\040\000B\000e\000h\000a\000v\000i\000o\000r\000a\000l\000\040\000T\000r\000a\000c\000k\000i\000n\000g}{section.10.2}% 50
\BOOKMARK [2][-]{subsection.10.2.4}{\376\377\000E\000n\000v\000i\000r\000o\000n\000m\000e\000n\000t\000\040\000S\000e\000c\000u\000r\000i\000t\000y}{section.10.2}% 51
\BOOKMARK [1][-]{section.10.3}{\376\377\000C\000o\000n\000c\000l\000u\000s\000i\000o\000n\000\040\000o\000n\000\040\000S\000y\000s\000t\000e\000m\000\040\000S\000e\000c\000u\000r\000i\000t\000y}{chapter.10}% 52
\BOOKMARK [0][-]{chapter.11}{\376\377\000T\000e\000s\000t\000i\000n\000g\000,\000\040\000V\000a\000l\000i\000d\000a\000t\000i\000o\000n\000\040\000\046\000\040\000P\000e\000r\000f\000o\000r\000m\000a\000n\000c\000e\000\040\000E\000v\000a\000l\000u\000a\000t\000i\000o\000n}{}% 53
\BOOKMARK [1][-]{section.11.1}{\376\377\000T\000e\000s\000t\000i\000n\000g\000\040\000S\000t\000r\000a\000t\000e\000g\000y}{chapter.11}% 54
\BOOKMARK [1][-]{section.11.2}{\376\377\000M\000o\000d\000u\000l\000e\000\040\000V\000a\000l\000i\000d\000a\000t\000i\000o\000n}{chapter.11}% 55
\BOOKMARK [1][-]{section.11.3}{\376\377\000A\000P\000I\000\040\000\046\000\040\000C\000o\000m\000m\000u\000n\000i\000c\000a\000t\000i\000o\000n\000\040\000T\000e\000s\000t\000i\000n\000g}{chapter.11}% 56
\BOOKMARK [1][-]{section.11.4}{\376\377\000A\000I\000\040\000M\000o\000d\000e\000l\000\040\000V\000a\000l\000i\000d\000a\000t\000i\000o\000n}{chapter.11}% 57
\BOOKMARK [1][-]{section.11.5}{\376\377\000S\000y\000s\000t\000e\000m\000\040\000P\000e\000r\000f\000o\000r\000m\000a\000n\000c\000e}{chapter.11}% 58
\BOOKMARK [1][-]{section.11.6}{\376\377\000S\000e\000c\000u\000r\000i\000t\000y\000\040\000V\000a\000l\000i\000d\000a\000t\000i\000o\000n}{chapter.11}% 59
\BOOKMARK [1][-]{section.11.7}{\376\377\000F\000a\000i\000l\000u\000r\000e\000\040\000A\000n\000a\000l\000y\000s\000i\000s\000\040\000\046\000\040\000E\000d\000g\000e\000\040\000C\000a\000s\000e\000s}{chapter.11}% 60
\BOOKMARK [1][-]{section.11.8}{\376\377\000R\000e\000s\000u\000l\000t\000s\000\040\000\046\000\040\000O\000b\000s\000e\000r\000v\000a\000t\000i\000o\000n\000s}{chapter.11}% 61
\BOOKMARK [0][-]{chapter.12}{\376\377\000F\000u\000t\000u\000r\000e\000\040\000E\000n\000h\000a\000n\000c\000e\000m\000e\000n\000t\000s}{}% 62
\BOOKMARK [0][-]{chapter.13}{\376\377\000C\000o\000n\000c\000l\000u\000s\000i\000o\000n}{}% 63
